\BOOKMARK [1][-]{Doc-Start}{\376\377\000R\000e\000m\000e\000r\000c\000i\000e\000m\000e\000n\000t\000s}{}% 1
\BOOKMARK [1][-]{section.1}{\376\377\000I\000n\000t\000r\000o\000d\000u\000c\000t\000i\000o\000n}{}% 2
\BOOKMARK [1][-]{section.2}{\376\377\000P\000r\000\351\000s\000e\000n\000t\000a\000t\000i\000o\000n\000\040\000d\000'\000e\000n\000t\000r\000e\000p\000r\000i\000s\000e}{}% 3
\BOOKMARK [2][-]{subsection.2.1}{\376\377\000L\000'\000e\000n\000t\000r\000e\000p\000r\000i\000s\000e\000\040\000:\000\040\000G\000e\000i\000s\000m\000a\000r\000\040\000-\000\040\000J\000u\000l\000i\000e\000n\000\040\000T\000r\000e\000m\000o\000n\000t\000-\000R\000a\000i\000m\000i}{section.2}% 4
\BOOKMARK [2][-]{subsection.2.2}{\376\377\000L\000e\000\040\000p\000o\000s\000t\000e\000\040\000:\000\040\000A\000l\000t\000e\000r\000n\000a\000n\000t\000\040\000D\000a\000t\000a\000\040\000E\000n\000g\000i\000n\000e\000e\000r}{section.2}% 5
\BOOKMARK [3][-]{subsubsection.2.2.1}{\376\377\000C\000o\000n\000t\000e\000x\000t\000e}{subsection.2.2}% 6
\BOOKMARK [3][-]{subsubsection.2.2.2}{\376\377\000M\000i\000s\000s\000i\000o\000n\000s}{subsection.2.2}% 7
\BOOKMARK [3][-]{subsubsection.2.2.3}{\376\377\000E\000n\000v\000i\000r\000o\000n\000n\000e\000m\000e\000n\000t\000\040\000t\000e\000c\000h\000n\000i\000q\000u\000e}{subsection.2.2}% 8
\BOOKMARK [2][-]{subsection.2.3}{\376\377\000L\000'\000e\000n\000t\000r\000e\000p\000r\000i\000s\000e\000\040\000:\000\040\000R\000e\000n\000a\000u\000l\000t\000\040\000D\000i\000g\000i\000t\000a\000l\000\040\000-\000\040\000A\000n\000t\000o\000i\000n\000e\000\040\000V\000a\000n\000d\000e\000p\000l\000a\000n\000q\000u\000e}{section.2}% 9
\BOOKMARK [2][-]{subsection.2.4}{\376\377\000L\000e\000\040\000p\000o\000s\000t\000e}{section.2}% 10
\BOOKMARK [3][-]{subsubsection.2.4.1}{\376\377\000C\000o\000n\000t\000e\000x\000t\000e}{subsection.2.4}% 11
\BOOKMARK [3][-]{subsubsection.2.4.2}{\376\377\000M\000i\000s\000s\000i\000o\000n\000s}{subsection.2.4}% 12
\BOOKMARK [1][-]{section.3}{\376\377\000S\000y\000n\000t\000h\000\350\000s\000e\000\040\000d\000e\000s\000\040\000b\000l\000o\000c\000s\000\040\000d\000e\000\040\000c\000o\000m\000p\000\351\000t\000e\000n\000c\000e\000s\000\040\000R\000N\000C\000P\0003\0006\0007\0003\0009}{}% 13
\BOOKMARK [1][-]{section.4}{\376\377\000B\000l\000o\000c\000\040\0001\000\040\040\023\000\040\000C\000o\000n\000c\000e\000v\000o\000i\000r\000\040\000e\000t\000\040\000d\000e\000v\000e\000l\000o\000p\000p\000e\000r\000\040\000u\000n\000e\000\040\000a\000r\000c\000h\000i\000t\000e\000c\000t\000u\000r\000e\000\040\000d\000e\000\040\000s\000t\000o\000c\000k\000a\000g\000e\000\040\000d\000e\000\040\000d\000o\000n\000n\000\351\000e\000s}{}% 14
\BOOKMARK [2][-]{subsection.4.1}{\376\377\000C\000o\000m\000p\000\351\000t\000e\000n\000c\000e\000s\000\040\000v\000i\000s\000\351\000e\000s}{section.4}% 15
\BOOKMARK [2][-]{subsection.4.2}{\376\377\000P\000r\000o\000j\000e\000t\000s\000\040\000/\000\040\000T\000P\000\040\000a\000s\000s\000o\000c\000i\000\351\000s}{section.4}% 16
\BOOKMARK [2][-]{subsection.4.3}{\376\377\000P\000r\000\351\000s\000e\000n\000t\000a\000t\000i\000o\000n\000\040\000d\000e\000s\000\040\000p\000r\000o\000j\000e\000t\000s\000\040\000m\000o\000b\000i\000l\000i\000s\000\351\000s}{section.4}% 17
\BOOKMARK [3][-]{subsubsection.4.3.1}{\376\377\000C\000h\000a\000l\000l\000e\000n\000g\000e\000\040\000D\000a\000t\000a\000l\000a\000k\000e}{subsection.4.3}% 18
\BOOKMARK [3][-]{subsubsection.4.3.2}{\376\377\000P\000r\000o\000j\000e\000t\000\040\000C\000l\000o\000u\000d\000\040\000:\000\040\000v\000o\000l\000e\000t\000\040\000N\000o\000S\000Q\000L}{subsection.4.3}% 19
\BOOKMARK [2][-]{subsection.4.4}{\376\377\000A\000n\000a\000l\000y\000s\000e\000\040\000a\000t\000t\000e\000n\000d\000u\000e}{section.4}% 20
\BOOKMARK [3][-]{subsubsection.4.4.1}{\376\377\000P\000r\000e\000u\000v\000e\000s\000\040\000d\000'\000a\000c\000q\000u\000i\000s\000i\000t\000i\000o\000n\000\040\000d\000e\000s\000\040\000c\000o\000m\000p\000\351\000t\000e\000n\000c\000e\000s}{subsection.4.4}% 21
\BOOKMARK [1][-]{section.5}{\376\377\000B\000l\000o\000c\000\040\0002\000\040\040\023\000\040\000C\000o\000n\000c\000e\000v\000o\000i\000r\000,\000\040\000d\000e\000v\000e\000l\000o\000p\000p\000e\000r\000\040\000e\000t\000\040\000d\000e\000p\000l\000o\000y\000e\000r\000\040\000u\000n\000e\000\040\000s\000o\000l\000u\000t\000i\000o\000n\000\040\000d\000e\000\040\000t\000r\000a\000i\000t\000e\000m\000e\000n\000t\000\040\000d\000e\000s\000\040\000d\000o\000n\000n\000\351\000e\000s\000\040\000m\000a\000s\000s\000i\000v\000e\000s}{}% 22
\BOOKMARK [2][-]{subsection.5.1}{\376\377\000C\000o\000m\000p\000\351\000t\000e\000n\000c\000e\000s\000\040\000v\000i\000s\000\351\000e\000s}{section.5}% 23
\BOOKMARK [2][-]{subsection.5.2}{\376\377\000P\000r\000o\000j\000e\000t\000s\000\040\000/\000\040\000T\000P\000\040\000a\000s\000s\000o\000c\000i\000e\000s}{section.5}% 24
\BOOKMARK [2][-]{subsection.5.3}{\376\377\000P\000r\000\351\000s\000e\000n\000t\000a\000t\000i\000o\000n\000\040\000d\000e\000s\000\040\000p\000r\000o\000j\000e\000t\000s\000\040\000m\000o\000b\000i\000l\000i\000s\000\351\000s}{section.5}% 25
\BOOKMARK [3][-]{subsubsection.5.3.1}{\376\377\000P\000r\000o\000j\000e\000t\000\040\000S\000p\000a\000r\000k}{subsection.5.3}% 26
\BOOKMARK [3][-]{subsubsection.5.3.2}{\376\377\000P\000r\000o\000j\000e\000t\000\040\000D\000e\000v\000O\000p\000s\000\040\000:\000\040\000f\000i\000z\000z\000b\000u\000z\000z\000-\000E\000f\000r\000e\000i}{subsection.5.3}% 27
\BOOKMARK [2][-]{subsection.5.4}{\376\377\000A\000n\000a\000l\000y\000s\000e\000\040\000a\000t\000t\000e\000n\000d\000u\000e}{section.5}% 28
\BOOKMARK [3][-]{subsubsection.5.4.1}{\376\377\000P\000r\000e\000u\000v\000e\000s\000\040\000d\000'\000a\000c\000q\000u\000i\000s\000i\000t\000i\000o\000n\000\040\000d\000e\000s\000\040\000c\000o\000m\000p\000\351\000t\000e\000n\000c\000e\000s}{subsection.5.4}% 29
\BOOKMARK [1][-]{section.6}{\376\377\000B\000l\000o\000c\000\040\0003\000\040\040\023\000\040\000I\000m\000p\000l\000e\000m\000e\000n\000t\000e\000r\000\040\000e\000t\000\040\000o\000p\000t\000i\000m\000i\000s\000e\000r\000\040\000d\000e\000s\000\040\000s\000o\000l\000u\000t\000i\000o\000n\000s\000\040\000d\000e\000\040\000s\000t\000o\000c\000k\000a\000g\000e\000\040\000e\000t\000\040\000d\000e\000\040\000t\000r\000a\000i\000t\000e\000m\000e\000n\000t\000\040\000d\000e\000\040\000d\000o\000n\000n\000\351\000e\000s\000\040\000s\000u\000r\000\040\000l\000e\000\040\000c\000l\000o\000u\000d}{}% 30
\BOOKMARK [2][-]{subsection.6.1}{\376\377\000C\000o\000m\000p\000\351\000t\000e\000n\000c\000e\000s\000\040\000v\000i\000s\000\351\000e\000s}{section.6}% 31
\BOOKMARK [2][-]{subsection.6.2}{\376\377\000P\000r\000o\000j\000e\000t\000s\000\040\000/\000\040\000T\000P\000\040\000a\000s\000s\000o\000c\000i\000e\000s}{section.6}% 32
\BOOKMARK [2][-]{subsection.6.3}{\376\377\000C\000o\000n\000t\000e\000x\000t\000e\000\040\000e\000t\000\040\000e\000n\000j\000e\000u\000x}{section.6}% 33
\BOOKMARK [3][-]{subsubsection.6.3.1}{\376\377\000P\000o\000s\000i\000t\000i\000o\000n\000n\000e\000m\000e\000n\000t\000\040\000d\000a\000n\000s\000\040\000l\000'\000\351\000c\000o\000s\000y\000s\000t\000\350\000m\000e\000\040\000A\000W\000S}{subsection.6.3}% 34
\BOOKMARK [2][-]{subsection.6.4}{\376\377\000A\000r\000c\000h\000i\000t\000e\000c\000t\000u\000r\000e\000\040\000c\000l\000o\000u\000d}{section.6}% 35
\BOOKMARK [2][-]{subsection.6.5}{\376\377\000S\000t\000o\000c\000k\000a\000g\000e\000\040\000d\000e\000\040\000d\000o\000n\000n\000\351\000e\000s}{section.6}% 36
\BOOKMARK [3][-]{subsubsection.6.5.1}{\376\377\000S\000t\000o\000c\000k\000a\000g\000e\000\040\000S\0003\000\040\040\024\000\040\000d\000a\000t\000a\000\040\000l\000a\000k\000e\000\040\000b\000r\000u\000t\000e\000s\000\040\000h\000o\000r\000o\000d\000a\000t\000\351}{subsection.6.5}% 37
\BOOKMARK [3][-]{subsubsection.6.5.2}{\376\377\000D\000y\000n\000a\000m\000o\000D\000B\000\040\040\024\000\040\000m\000o\000d\000\350\000l\000e\000\040\000d\000e\000\040\000d\000o\000n\000n\000\351\000e\000s\000\040\000S\000i\000l\000v\000e\000r}{subsection.6.5}% 38
\BOOKMARK [3][-]{subsubsection.6.5.3}{\376\377\000T\000a\000b\000l\000e\000s\000\040\000G\000o\000l\000d\000\040\000D\000y\000n\000a\000m\000o\000D\000B}{subsection.6.5}% 39
\BOOKMARK [2][-]{subsection.6.6}{\376\377\000P\000i\000p\000e\000l\000i\000n\000e\000s\000\040\000e\000t\000\040\000t\000r\000a\000i\000t\000e\000m\000e\000n\000t\000s\000\040\000d\000e\000\040\000d\000o\000n\000n\000\351\000e\000s}{section.6}% 40
\BOOKMARK [3][-]{subsubsection.6.6.1}{\376\377\000I\000n\000g\000e\000s\000t\000i\000o\000n\000\040\000i\000n\000c\000r\000\351\000m\000e\000n\000t\000a\000l\000e\000\040\000d\000e\000p\000u\000i\000s\000\040\000S\0003}{subsection.6.6}% 41
\BOOKMARK [3][-]{subsubsection.6.6.2}{\376\377\000O\000r\000d\000o\000n\000n\000a\000n\000c\000e\000m\000e\000n\000t\000\040\000s\000u\000r\000\040\000E\000C\0002\000\040\000a\000v\000e\000c\000\040\000c\000r\000o\000n\000t\000a\000b}{subsection.6.6}% 42
\BOOKMARK [3][-]{subsubsection.6.6.3}{\376\377\000A\000g\000r\000\351\000g\000a\000t\000i\000o\000n\000\040\000a\000n\000a\000l\000y\000t\000i\000q\000u\000e}{subsection.6.6}% 43
\BOOKMARK [3][-]{subsubsection.6.6.4}{\376\377\000M\000i\000s\000e\000\040\000\340\000\040\000d\000i\000s\000p\000o\000s\000i\000t\000i\000o\000n\000\040\040\024\000\040\000L\000a\000m\000b\000d\000a\000\040\000e\000t\000\040\000A\000P\000I\000\040\000G\000a\000t\000e\000w\000a\000y}{subsection.6.6}% 44
\BOOKMARK [2][-]{subsection.6.7}{\376\377\000S\000\351\000c\000u\000r\000i\000t\000\351\000\040\000d\000e\000s\000\040\000d\000o\000n\000n\000\351\000e\000s}{section.6}% 45
\BOOKMARK [3][-]{subsubsection.6.7.1}{\376\377\000P\000r\000i\000n\000c\000i\000p\000e\000\040\000d\000u\000\040\000m\000o\000i\000n\000d\000r\000e\000\040\000p\000r\000i\000v\000i\000l\000\350\000g\000e\000\040\000\050\000I\000A\000M\000\051}{subsection.6.7}% 46
\BOOKMARK [3][-]{subsubsection.6.7.2}{\376\377\000C\000h\000i\000f\000f\000r\000e\000m\000e\000n\000t\000\040\000d\000e\000s\000\040\000d\000o\000n\000n\000\351\000e\000s}{subsection.6.7}% 47
\BOOKMARK [3][-]{subsubsection.6.7.3}{\376\377\000\311\000v\000o\000l\000u\000t\000i\000o\000n\000\040\000p\000o\000s\000s\000i\000b\000l\000e\000\040\000v\000e\000r\000s\000\040\000E\000v\000e\000n\000t\000B\000r\000i\000d\000g\000e}{subsection.6.7}% 48
\BOOKMARK [2][-]{subsection.6.8}{\376\377\000O\000p\000t\000i\000m\000i\000s\000a\000t\000i\000o\000n\000,\000\040\000s\000u\000p\000e\000r\000v\000i\000s\000i\000o\000n\000\040\000e\000t\000\040\000c\000o\000\373\000t\000s\000\040\000d\000e\000s\000\040\000s\000o\000l\000u\000t\000i\000o\000n\000s\000\040\000c\000l\000o\000u\000d}{section.6}% 49
\BOOKMARK [3][-]{subsubsection.6.8.1}{\376\377\000G\000l\000o\000b\000a\000l\000\040\000S\000e\000c\000o\000n\000d\000a\000r\000y\000\040\000I\000n\000d\000e\000x\000\040\040\024\000\040\000r\000e\000q\000u\000\352\000t\000e\000\040\000O\000\050\0001\000\051\000\040\000s\000u\000r\000\040\000l\000e\000\040\000d\000e\000r\000n\000i\000e\000r\000\040\000s\000n\000a\000p\000s\000h\000o\000t}{subsection.6.8}% 50
\BOOKMARK [3][-]{subsubsection.6.8.2}{\376\377\000C\000o\000l\000d\000\040\000s\000t\000a\000r\000t\000\040\000e\000t\000\040\000s\000t\000r\000a\000t\000\351\000g\000i\000e\000s\000\040\000d\000e\000\040\000m\000i\000t\000i\000g\000a\000t\000i\000o\000n}{subsection.6.8}% 51
\BOOKMARK [3][-]{subsubsection.6.8.3}{\376\377\000S\000e\000r\000v\000e\000r\000l\000e\000s\000s\000\040\000c\000o\000n\000t\000r\000e\000\040\000s\000e\000r\000v\000e\000u\000r\000\040\000p\000e\000r\000m\000a\000n\000e\000n\000t}{subsection.6.8}% 52
\BOOKMARK [3][-]{subsubsection.6.8.4}{\376\377\000C\000y\000c\000l\000e\000\040\000d\000e\000\040\000v\000i\000e\000\040\000d\000u\000\040\000s\000t\000o\000c\000k\000a\000g\000e\000\040\000S\0003}{subsection.6.8}% 53
\BOOKMARK [3][-]{subsubsection.6.8.5}{\376\377\000S\000u\000p\000e\000r\000v\000i\000s\000i\000o\000n\000\040\000C\000l\000o\000u\000d\000W\000a\000t\000c\000h}{subsection.6.8}% 54
\BOOKMARK [2][-]{subsection.6.9}{\376\377\000S\000y\000n\000t\000h\000\350\000s\000e\000\040\040\024\000\040\000c\000o\000m\000p\000\351\000t\000e\000n\000c\000e\000s\000\040\000d\000\351\000m\000o\000n\000t\000r\000\351\000e\000s}{section.6}% 55
\BOOKMARK [3][-]{subsubsection.6.9.1}{\376\377\000P\000r\000e\000u\000v\000e\000s\000\040\000d\000'\000a\000c\000q\000u\000i\000s\000i\000t\000i\000o\000n\000\040\000d\000e\000s\000\040\000c\000o\000m\000p\000\351\000t\000e\000n\000c\000e\000s}{subsection.6.9}% 56
\BOOKMARK [1][-]{section.7}{\376\377\000B\000l\000o\000c\000\040\0004\000\040\040\023\000\040\000I\000m\000p\000l\000e\000m\000e\000n\000t\000e\000r\000\040\000d\000e\000s\000\040\000m\000e\000t\000h\000o\000d\000e\000s\000\040\000d\000'\000i\000n\000t\000e\000l\000l\000i\000g\000e\000n\000c\000e\000\040\000a\000r\000t\000i\000f\000i\000c\000i\000e\000l\000l\000e}{}% 57
\BOOKMARK [2][-]{subsection.7.1}{\376\377\000C\000o\000m\000p\000\351\000t\000e\000n\000c\000e\000s\000\040\000v\000i\000s\000\351\000e\000s}{section.7}% 58
\BOOKMARK [2][-]{subsection.7.2}{\376\377\000C\000o\000n\000t\000e\000x\000t\000e\000\040\000e\000t\000\040\000e\000n\000j\000e\000u\000x}{section.7}% 59
\BOOKMARK [2][-]{subsection.7.3}{\376\377\000A\000r\000c\000h\000i\000t\000e\000c\000t\000u\000r\000e\000\040\000e\000t\000\040\000c\000y\000c\000l\000e\000\040\000d\000e\000\040\000v\000i\000e\000\040\000d\000u\000\040\000m\000o\000d\000\350\000l\000e}{section.7}% 60
\BOOKMARK [2][-]{subsection.7.4}{\376\377\000A\000n\000a\000l\000y\000s\000e\000\040\000e\000x\000p\000l\000o\000r\000a\000t\000o\000i\000r\000e\000\040\000e\000t\000\040\000c\000o\000m\000p\000r\000\351\000h\000e\000n\000s\000i\000o\000n\000\040\000m\000\351\000t\000i\000e\000r}{section.7}% 61
\BOOKMARK [3][-]{subsubsection.7.4.1}{\376\377\000E\000x\000p\000l\000o\000r\000a\000t\000i\000o\000n\000\040\000d\000e\000s\000\040\000d\000o\000n\000n\000\351\000e\000s}{subsection.7.4}% 62
\BOOKMARK [2][-]{subsection.7.5}{\376\377\000P\000r\000\351\000p\000a\000r\000a\000t\000i\000o\000n\000\040\000d\000e\000s\000\040\000d\000o\000n\000n\000\351\000e\000s\000\040\000e\000t\000\040\000p\000i\000p\000e\000l\000i\000n\000e\000\040\000d\000e\000\040\000t\000r\000a\000n\000s\000f\000o\000r\000m\000a\000t\000i\000o\000n}{section.7}% 63
\BOOKMARK [3][-]{subsubsection.7.5.1}{\376\377\000V\000a\000r\000i\000a\000b\000l\000e\000s\000\040\000e\000x\000p\000l\000i\000c\000a\000t\000i\000v\000e\000s\000\040\000e\000t\000\040\000c\000i\000b\000l\000e\000s}{subsection.7.5}% 64
\BOOKMARK [3][-]{subsubsection.7.5.2}{\376\377\000L\000e\000\040\000p\000i\000p\000e\000l\000i\000n\000e\000\040\000d\000e\000\040\000t\000r\000a\000n\000s\000f\000o\000r\000m\000a\000t\000i\000o\000n\000\040\000:\000\040\000C\000o\000l\000u\000m\000n\000T\000r\000a\000n\000s\000f\000o\000r\000m\000e\000r}{subsection.7.5}% 65
\BOOKMARK [2][-]{subsection.7.6}{\376\377\000E\000n\000t\000r\000a\000\356\000n\000e\000m\000e\000n\000t\000\040\000c\000o\000m\000p\000a\000r\000a\000t\000i\000f\000\040\000e\000t\000\040\000s\000\351\000l\000e\000c\000t\000i\000o\000n\000\040\000d\000u\000\040\000m\000o\000d\000\350\000l\000e}{section.7}% 66
\BOOKMARK [3][-]{subsubsection.7.6.1}{\376\377\000A\000r\000c\000h\000i\000t\000e\000c\000t\000u\000r\000e\000\040\000d\000u\000\040\000b\000e\000n\000c\000h\000m\000a\000r\000k}{subsection.7.6}% 67
\BOOKMARK [3][-]{subsubsection.7.6.2}{\376\377\000M\000o\000d\000\350\000l\000e\000s\000\040\000c\000a\000n\000d\000i\000d\000a\000t\000s}{subsection.7.6}% 68
\BOOKMARK [3][-]{subsubsection.7.6.3}{\376\377\000L\000e\000\040\000m\000o\000d\000\350\000l\000e\000\040\000v\000a\000i\000n\000q\000u\000e\000u\000r\000\040\000:\000\040\000H\000i\000s\000t\000G\000r\000a\000d\000i\000e\000n\000t\000B\000o\000o\000s\000t\000i\000n\000g\000C\000l\000a\000s\000s\000i\000f\000i\000e\000r}{subsection.7.6}% 69
\BOOKMARK [2][-]{subsection.7.7}{\376\377\000R\000\351\000s\000u\000l\000t\000a\000t\000s\000\040\000e\000t\000\040\000\351\000v\000a\000l\000u\000a\000t\000i\000o\000n}{section.7}% 70
\BOOKMARK [3][-]{subsubsection.7.7.1}{\376\377\000T\000\342\000c\000h\000e\000\040\0001\000\040\040\024\000\040\000C\000l\000a\000s\000s\000i\000f\000i\000c\000a\000t\000i\000o\000n\000\040\000b\000i\000n\000a\000i\000r\000e\000\040\000f\000a\000i\000l\000u\000r\000e\000\137\000w\000i\000t\000h\000i\000n\000\137\0002\0004\000h}{subsection.7.7}% 71
\BOOKMARK [3][-]{subsubsection.7.7.2}{\376\377\000T\000\342\000c\000h\000e\000\040\0002\000\040\040\024\000\040\000C\000l\000a\000s\000s\000i\000f\000i\000c\000a\000t\000i\000o\000n\000\040\000m\000u\000l\000t\000i\000c\000l\000a\000s\000s\000e\000\040\000f\000a\000i\000l\000u\000r\000e\000\137\000t\000y\000p\000e\000\040\000\050\0005\000\040\000c\000l\000a\000s\000s\000e\000s\000\051}{subsection.7.7}% 72
\BOOKMARK [3][-]{subsubsection.7.7.3}{\376\377\000I\000n\000t\000e\000r\000p\000r\000\351\000t\000a\000b\000i\000l\000i\000t\000\351\000\040\040\024\000\040\000i\000m\000p\000o\000r\000t\000a\000n\000c\000e\000\040\000d\000e\000s\000\040\000v\000a\000r\000i\000a\000b\000l\000e\000s}{subsection.7.7}% 73
\BOOKMARK [3][-]{subsubsection.7.7.4}{\376\377\000A\000n\000a\000l\000y\000s\000e\000\040\000d\000e\000s\000\040\000e\000r\000r\000e\000u\000r\000s\000\040\040\024\000\040\000m\000a\000t\000r\000i\000c\000e\000\040\000d\000e\000\040\000c\000o\000n\000f\000u\000s\000i\000o\000n}{subsection.7.7}% 74
\BOOKMARK [2][-]{subsection.7.8}{\376\377\000M\000i\000s\000e\000\040\000e\000n\000\040\000s\000e\000r\000v\000i\000c\000e\000\040\000e\000t\000\040\000c\000o\000m\000m\000u\000n\000i\000c\000a\000t\000i\000o\000n\000\040\000d\000e\000s\000\040\000r\000\351\000s\000u\000l\000t\000a\000t\000s}{section.7}% 75
\BOOKMARK [3][-]{subsubsection.7.8.1}{\376\377\000A\000P\000I\000\040\000d\000e\000\040\000p\000r\000\351\000d\000i\000c\000t\000i\000o\000n\000\040\040\024\000\040\000F\000a\000s\000t\000A\000P\000I}{subsection.7.8}% 76
\BOOKMARK [3][-]{subsubsection.7.8.2}{\376\377\000T\000a\000b\000l\000e\000a\000u\000\040\000d\000e\000\040\000b\000o\000r\000d\000\040\000i\000n\000t\000e\000r\000a\000c\000t\000i\000f\000\040\040\024\000\040\000S\000t\000r\000e\000a\000m\000l\000i\000t}{subsection.7.8}% 77
\BOOKMARK [3][-]{subsubsection.7.8.3}{\376\377\000Q\000u\000a\000l\000i\000t\000\351\000\040\000l\000o\000g\000i\000c\000i\000e\000l\000l\000e\000\040\000e\000t\000\040\000r\000e\000p\000r\000o\000d\000u\000c\000t\000i\000b\000i\000l\000i\000t\000\351}{subsection.7.8}% 78
\BOOKMARK [2][-]{subsection.7.9}{\376\377\000R\000o\000b\000u\000s\000t\000e\000s\000s\000e\000,\000\040\000l\000i\000m\000i\000t\000e\000s\000\040\000e\000t\000\040\000a\000x\000e\000s\000\040\000d\000'\000a\000m\000\351\000l\000i\000o\000r\000a\000t\000i\000o\000n}{section.7}% 79
\BOOKMARK [3][-]{subsubsection.7.9.1}{\376\377\000V\000a\000l\000i\000d\000a\000t\000i\000o\000n\000\040\000:\000\040\000s\000p\000l\000i\000t\000\040\000s\000t\000r\000a\000t\000i\000f\000i\000\351\000\040\000e\000t\000\040\000p\000e\000r\000s\000p\000e\000c\000t\000i\000v\000e\000\040\000k\000-\000f\000o\000l\000d}{subsection.7.9}% 80
\BOOKMARK [3][-]{subsubsection.7.9.2}{\376\377\000L\000i\000m\000i\000t\000e\000s\000\040\000d\000e\000\040\000l\000'\000i\000n\000t\000e\000r\000p\000r\000\351\000t\000a\000b\000i\000l\000i\000t\000\351\000\040\000p\000a\000r\000\040\000p\000e\000r\000m\000u\000t\000a\000t\000i\000o\000n}{subsection.7.9}% 81
\BOOKMARK [3][-]{subsubsection.7.9.3}{\376\377\000A\000x\000e\000s\000\040\000d\000'\000a\000m\000\351\000l\000i\000o\000r\000a\000t\000i\000o\000n}{subsection.7.9}% 82
\BOOKMARK [2][-]{subsection.7.10}{\376\377\000S\000y\000n\000t\000h\000\350\000s\000e\000\040\040\024\000\040\000c\000o\000m\000p\000\351\000t\000e\000n\000c\000e\000s\000\040\000d\000\351\000m\000o\000n\000t\000r\000\351\000e\000s}{section.7}% 83
\BOOKMARK [3][-]{subsubsection.7.10.1}{\376\377\000P\000r\000e\000u\000v\000e\000s\000\040\000d\000'\000a\000c\000q\000u\000i\000s\000i\000t\000i\000o\000n\000\040\000d\000e\000s\000\040\000c\000o\000m\000p\000\351\000t\000e\000n\000c\000e\000s}{subsection.7.10}% 84
\BOOKMARK [1][-]{section.8}{\376\377\000B\000l\000o\000c\000\040\0005\000\040\040\023\000\040\000C\000o\000n\000c\000e\000v\000o\000i\000r\000\040\000u\000n\000e\000\040\000s\000t\000r\000a\000t\000e\000g\000i\000e\000\040\000d\000e\000\040\000m\000a\000n\000a\000g\000e\000m\000e\000n\000t\000\040\000e\000t\000\040\000d\000e\000\040\000g\000o\000u\000v\000e\000r\000n\000a\000n\000c\000e\000\040\000d\000e\000\040\000d\000o\000n\000n\000\351\000e\000s\000\040\000p\000o\000u\000r\000\040\000t\000r\000a\000n\000s\000f\000o\000r\000m\000e\000r\000\040\000l\000e\000s\000\040\000d\000o\000n\000n\000\351\000e\000s\000\040\000e\000n\000\040\000i\000n\000f\000o\000r\000m\000a\000t\000i\000o\000n\000s\000\040\000c\000r\000e\000a\000t\000r\000i\000c\000e\000s\000\040\000d\000e\000\040\000v\000a\000l\000e\000u\000r}{}% 85
\BOOKMARK [2][-]{subsection.8.1}{\376\377\000C\000o\000m\000p\000e\000t\000e\000n\000c\000e\000s\000\040\000v\000i\000s\000e\000e\000s}{section.8}% 86
\BOOKMARK [2][-]{subsection.8.2}{\376\377\000P\000r\000o\000j\000e\000t\000s\000\040\000/\000\040\000T\000P\000\040\000a\000s\000s\000o\000c\000i\000e\000s}{section.8}% 87
\BOOKMARK [2][-]{subsection.8.3}{\376\377\000A\000n\000a\000l\000y\000s\000e\000\040\000a\000t\000t\000e\000n\000d\000u\000e}{section.8}% 88
\BOOKMARK [1][-]{section.9}{\376\377\000C\000o\000n\000c\000l\000u\000s\000i\000o\000n}{}% 89
\BOOKMARK [2][-]{subsection.9.1}{\376\377\000F\000i\000l\000\040\000c\000o\000n\000d\000u\000c\000t\000e\000u\000r\000\040\040\024\000\040\000d\000u\000\040\000s\000t\000o\000c\000k\000a\000g\000e\000\040\000\340\000\040\000l\000a\000\040\000v\000a\000l\000e\000u\000r\000\040\000m\000\351\000t\000i\000e\000r}{section.9}% 90
\BOOKMARK [2][-]{subsection.9.2}{\376\377\000P\000r\000o\000g\000r\000e\000s\000s\000i\000o\000n\000\040\000o\000b\000s\000e\000r\000v\000\351\000e\000\040\000s\000u\000r\000\040\000d\000e\000u\000x\000\040\000a\000n\000n\000\351\000e\000s}{section.9}% 91
\BOOKMARK [2][-]{subsection.9.3}{\376\377\000P\000r\000i\000s\000e\000\040\000d\000e\000\040\000r\000e\000c\000u\000l\000\040\040\024\000\040\000l\000i\000m\000i\000t\000e\000s\000\040\000e\000t\000\040\000a\000x\000e\000s\000\040\000d\000'\000a\000m\000\351\000l\000i\000o\000r\000a\000t\000i\000o\000n}{section.9}% 92
\BOOKMARK [2][-]{subsection.9.4}{\376\377\000O\000u\000v\000e\000r\000t\000u\000r\000e}{section.9}% 93
